2025-07-08 00:03:10.7314 INFO Приложение запущено
2025-07-08 00:03:10.8431 INFO Отправка данных на сервер
2025-07-08 00:03:11.2882 INFO Получение данных из файла Address.csv
2025-07-08 00:03:11.2882 INFO Получение данных из файла Client.csv
2025-07-08 00:03:15.5430 INFO Данные адресов добавлены в БД
2025-07-08 00:03:15.6601 INFO Данные клиентов добавлены в БД
2025-07-08 00:03:15.6601 INFO Данные успешно отправлены на сервер
2025-07-08 00:03:16.3217 INFO Процесс получения курса валют запущен
2025-07-08 00:03:16.3217 INFO Подключение к данным по адресу: https://www.cbr.ru/currency_base/daily/?UniDbQuery.Posted=True&UniDbQuery.To=08.07.2025
2025-07-08 00:03:16.6767 INFO Подключение прошло успешно. OK
2025-07-08 00:03:16.7424 INFO Извлечение данных
2025-07-08 00:03:16.7590 INFO Данные успешно получены. Количество: 43
2025-07-08 00:03:16.7590 INFO Запись в файл по пути: C:\Users\Алексей\Desktop\Учеба\github\ExchangeParsing_DB\ExchangeParsing\ExchangeParsing\bin\Debug\CentralBank\Rate_08.07.2025.csv
2025-07-08 00:03:16.7590 INFO Данные записаны в файл. Количество 43 из 43
2025-07-08 00:03:16.7707 INFO Добавление полученных данных в БД
2025-07-08 00:03:16.8109 INFO Подключение к БД прошло успешно
2025-07-08 00:03:17.1693 INFO Обработано валют: 43 (добавлено: 0, обновлено: 43)
2025-07-08 00:03:17.1693 INFO Данные успешно отправлены на сервер
2025-07-08 00:03:17.1793 INFO Получение данных из файла SecurityPortfolio.csv
2025-07-08 00:03:17.1793 INFO Получение данных из файла Portfolio_Currency.csv
2025-07-08 00:03:17.2146 INFO Данные о портфелях добавлены
2025-07-08 00:03:17.2446 INFO Данные о связях между портфелями и валютами добавлены
2025-07-08 00:03:17.2446 INFO Запущен процесс получения акций
2025-07-08 00:03:17.2446 INFO Подключение к данным по адресу: https://iss.moex.com/iss/engines/stock/markets/shares/boards/tqbr/securities.json?iss.only=marketdata&iss.meta=off&iss.json=extended&marketdata.columns=SECID%2CLAST%2CLASTTOPREVPRICE&sort_column=VALTODAY&sort_order=desc&first=18
2025-07-08 00:03:17.4221 INFO Извлечение данных
2025-07-08 00:03:17.4319 INFO Данные получены
2025-07-08 00:03:17.4319 INFO Корректные данные для считывания
2025-07-08 00:03:17.4446 INFO Успешная десериализация данных
2025-07-08 00:03:17.4446 INFO Запись в файл: C:\Users\Алексей\Desktop\Учеба\github\ExchangeParsing_DB\ExchangeParsing\ExchangeParsing\bin\Debug\MoscowExchange\Stocks\Stock_08.07.2025.csv
2025-07-08 00:03:17.4446 INFO Данные записаны: 18 акций
2025-07-08 00:03:17.4577 INFO Добавление полученных данных в БД
2025-07-08 00:03:17.4967 INFO Подключение к БД прошло успешно
2025-07-08 00:03:17.6074 INFO Обработано акций: 18 (добавлено: 0, обновлено: 18)
2025-07-08 00:03:17.6221 INFO Запущен процесс получения облигаций
2025-07-08 00:03:17.6221 INFO Подключение к данным по адресу: https://iss.moex.com/iss/emitters/484/securities.jsonp?iss.meta=off&iss.json=extended&callback=JSON_CALLBACK&lang=ru
2025-07-08 00:03:17.9607 INFO Подключение прошло успешно.
2025-07-08 00:03:17.9607 INFO Извлечение данных
2025-07-08 00:03:17.9762 INFO Данные получены
2025-07-08 00:03:17.9762 INFO Корректные данные для считывания
2025-07-08 00:03:18.0059 INFO Успешная десериализация данных
2025-07-08 00:03:19.2380 INFO Добавлено 362 биржевых облигаций и акций Сбербанк из 368 других облигаций
2025-07-08 00:03:19.2380 INFO Подключение к данным по адресу: https://iss.moex.com/iss/emitters/269/securities.jsonp?iss.meta=off&iss.json=extended&callback=JSON_CALLBACK&lang=ru
2025-07-08 00:03:19.4624 INFO Подключение прошло успешно.
2025-07-08 00:03:19.4624 INFO Извлечение данных
2025-07-08 00:03:19.4873 INFO Данные получены
2025-07-08 00:03:19.4873 INFO Корректные данные для считывания
2025-07-08 00:03:19.5170 INFO Успешная десериализация данных
2025-07-08 00:03:21.2421 INFO Добавлено 58 биржевых облигаций и акций ВТБ ао из 518 других облигаций
2025-07-08 00:03:21.2421 INFO Подключение к данным по адресу: https://iss.moex.com/iss/emitters/3588/securities.jsonp?iss.meta=off&iss.json=extended&callback=JSON_CALLBACK&lang=ru
2025-07-08 00:03:21.2834 INFO Подключение прошло успешно.
2025-07-08 00:03:21.2834 INFO Извлечение данных
2025-07-08 00:03:21.2834 INFO Данные получены
2025-07-08 00:03:21.2834 INFO Корректные данные для считывания
2025-07-08 00:03:21.2834 INFO Успешная десериализация данных
2025-07-08 00:03:21.3155 ERROR Ошибка при получении SecPortfolioId для UGLD: Акция  не найдена в таблице Stocks
2025-07-08 00:03:21.3155 INFO Подключение к данным по адресу: https://iss.moex.com/iss/emitters/711/securities.jsonp?iss.meta=off&iss.json=extended&callback=JSON_CALLBACK&lang=ru
2025-07-08 00:03:21.3599 INFO Подключение прошло успешно.
2025-07-08 00:03:21.3599 INFO Извлечение данных
2025-07-08 00:03:21.3623 INFO Данные получены
2025-07-08 00:03:21.3623 INFO Корректные данные для считывания
2025-07-08 00:03:21.3623 INFO Успешная десериализация данных
2025-07-08 00:03:21.3934 INFO Добавлено 5 биржевых облигаций и акций ГАЗПРОМ ао из 7 других облигаций
2025-07-08 00:03:21.3934 INFO Подключение к данным по адресу: https://iss.moex.com/iss/emitters/10763/securities.jsonp?iss.meta=off&iss.json=extended&callback=JSON_CALLBACK&lang=ru
2025-07-08 00:03:21.4407 INFO Подключение прошло успешно.
2025-07-08 00:03:21.4407 INFO Извлечение данных
2025-07-08 00:03:21.4407 INFO Данные получены
2025-07-08 00:03:21.4407 INFO Корректные данные для считывания
2025-07-08 00:03:21.4407 INFO Успешная десериализация данных
2025-07-08 00:03:21.4407 INFO Добавлено 0 биржевых облигаций и акций Т-Техно ао из 2 других облигаций
2025-07-08 00:03:21.4407 INFO Подключение к данным по адресу: https://iss.moex.com/iss/emitters/770/securities.jsonp?iss.meta=off&iss.json=extended&callback=JSON_CALLBACK&lang=ru
2025-07-08 00:03:21.4978 INFO Подключение прошло успешно.
2025-07-08 00:03:21.4978 INFO Извлечение данных
2025-07-08 00:03:21.4978 INFO Данные получены
2025-07-08 00:03:21.5028 INFO Корректные данные для считывания
2025-07-08 00:03:21.5028 INFO Успешная десериализация данных
2025-07-08 00:03:21.5298 INFO Добавлено 0 биржевых облигаций и акций ЛУКОЙЛ из 7 других облигаций
2025-07-08 00:03:21.5298 INFO Подключение к данным по адресу: https://iss.moex.com/iss/emitters/1074/securities.jsonp?iss.meta=off&iss.json=extended&callback=JSON_CALLBACK&lang=ru
2025-07-08 00:03:21.5732 INFO Подключение прошло успешно.
2025-07-08 00:03:21.5732 INFO Извлечение данных
2025-07-08 00:03:21.5811 INFO Данные получены
2025-07-08 00:03:21.5811 INFO Корректные данные для считывания
2025-07-08 00:03:21.5811 INFO Успешная десериализация данных
2025-07-08 00:03:21.6136 INFO Добавлено 4 биржевых облигаций и акций Новатэк ао из 7 других облигаций
2025-07-08 00:03:21.6136 INFO Подключение к данным по адресу: https://iss.moex.com/iss/emitters/9848/securities.jsonp?iss.meta=off&iss.json=extended&callback=JSON_CALLBACK&lang=ru
2025-07-08 00:03:21.7860 INFO Подключение прошло успешно.
2025-07-08 00:03:21.7860 INFO Извлечение данных
2025-07-08 00:03:21.7860 INFO Данные получены
2025-07-08 00:03:21.7860 INFO Корректные данные для считывания
2025-07-08 00:03:21.7860 INFO Успешная десериализация данных
2025-07-08 00:03:21.8502 INFO Добавлено 10 биржевых облигаций и акций Самолет ао из 13 других облигаций
2025-07-08 00:03:21.8502 INFO Подключение к данным по адресу: https://iss.moex.com/iss/emitters/739/securities.jsonp?iss.meta=off&iss.json=extended&callback=JSON_CALLBACK&lang=ru
2025-07-08 00:03:21.8965 INFO Подключение прошло успешно.
2025-07-08 00:03:21.8965 INFO Извлечение данных
2025-07-08 00:03:21.8965 INFO Данные получены
2025-07-08 00:03:21.8965 INFO Корректные данные для считывания
2025-07-08 00:03:21.8965 INFO Успешная десериализация данных
2025-07-08 00:03:21.9162 INFO Добавлено 1 биржевых облигаций и акций ПИК ао из 4 других облигаций
2025-07-08 00:03:21.9162 INFO Подключение к данным по адресу: https://iss.moex.com/iss/emitters/10712/securities.jsonp?iss.meta=off&iss.json=extended&callback=JSON_CALLBACK&lang=ru
2025-07-08 00:03:21.9569 INFO Подключение прошло успешно.
2025-07-08 00:03:21.9569 INFO Извлечение данных
2025-07-08 00:03:21.9569 INFO Данные получены
2025-07-08 00:03:21.9569 INFO Корректные данные для считывания
2025-07-08 00:03:21.9569 INFO Успешная десериализация данных
2025-07-08 00:03:21.9733 INFO Добавлено 0 биржевых облигаций и акций КЦ ИКС 5 из 2 других облигаций
2025-07-08 00:03:21.9733 INFO Подключение к данным по адресу: https://iss.moex.com/iss/emitters/1399/securities.jsonp?iss.meta=off&iss.json=extended&callback=JSON_CALLBACK&lang=ru
2025-07-08 00:03:22.2376 INFO Подключение прошло успешно.
2025-07-08 00:03:22.2376 INFO Извлечение данных
2025-07-08 00:03:22.2376 INFO Данные получены
2025-07-08 00:03:22.2376 INFO Корректные данные для считывания
2025-07-08 00:03:22.2376 INFO Успешная десериализация данных
2025-07-08 00:03:22.2961 INFO Добавлено 11 биржевых облигаций и акций ГМКНорНик из 15 других облигаций
2025-07-08 00:03:22.2994 INFO Подключение к данным по адресу: https://iss.moex.com/iss/emitters/15523/securities.jsonp?iss.meta=off&iss.json=extended&callback=JSON_CALLBACK&lang=ru
2025-07-08 00:03:22.3399 INFO Подключение прошло успешно.
2025-07-08 00:03:22.3399 INFO Извлечение данных
2025-07-08 00:03:22.3399 INFO Данные получены
2025-07-08 00:03:22.3399 INFO Корректные данные для считывания
2025-07-08 00:03:22.3399 INFO Успешная десериализация данных
2025-07-08 00:03:22.3564 INFO Добавлено 1 биржевых облигаций и акций ЯНДЕКС из 3 других облигаций
2025-07-08 00:03:22.3564 INFO Подключение к данным по адресу: https://iss.moex.com/iss/emitters/12604/securities.jsonp?iss.meta=off&iss.json=extended&callback=JSON_CALLBACK&lang=ru
2025-07-08 00:03:22.3870 INFO Подключение прошло успешно.
2025-07-08 00:03:22.3870 INFO Извлечение данных
2025-07-08 00:03:22.3870 INFO Данные получены
2025-07-08 00:03:22.4028 INFO Корректные данные для считывания
2025-07-08 00:03:22.4028 INFO Успешная десериализация данных
2025-07-08 00:03:22.4188 ERROR Ошибка при получении SecPortfolioId для POSI: Акция  не найдена в таблице Stocks
2025-07-08 00:03:22.4188 INFO Подключение к данным по адресу: https://iss.moex.com/iss/emitters/1158/securities.jsonp?iss.meta=off&iss.json=extended&callback=JSON_CALLBACK&lang=ru
2025-07-08 00:03:22.4499 INFO Подключение прошло успешно.
2025-07-08 00:03:22.4656 INFO Извлечение данных
2025-07-08 00:03:22.4656 INFO Данные получены
2025-07-08 00:03:22.4656 INFO Корректные данные для считывания
2025-07-08 00:03:22.4656 INFO Успешная десериализация данных
2025-07-08 00:03:22.4991 INFO Добавлено 4 биржевых облигаций и акций Полюс из 8 других облигаций
2025-07-08 00:03:22.5036 INFO Подключение к данным по адресу: https://iss.moex.com/iss/emitters/886/securities.jsonp?iss.meta=off&iss.json=extended&callback=JSON_CALLBACK&lang=ru
2025-07-08 00:03:22.5491 INFO Подключение прошло успешно.
2025-07-08 00:03:22.5491 INFO Извлечение данных
2025-07-08 00:03:22.5491 INFO Данные получены
2025-07-08 00:03:22.5491 INFO Корректные данные для считывания
2025-07-08 00:03:22.5491 INFO Успешная десериализация данных
2025-07-08 00:03:22.5686 ERROR Ошибка при получении SecPortfolioId для MGNT: Акция  не найдена в таблице Stocks
2025-07-08 00:03:22.5686 INFO Подключение к данным по адресу: https://iss.moex.com/iss/emitters/651/securities.jsonp?iss.meta=off&iss.json=extended&callback=JSON_CALLBACK&lang=ru
2025-07-08 00:03:22.6179 INFO Подключение прошло успешно.
2025-07-08 00:03:22.6179 INFO Извлечение данных
2025-07-08 00:03:22.6179 INFO Данные получены
2025-07-08 00:03:22.6179 INFO Корректные данные для считывания
2025-07-08 00:03:22.6179 INFO Успешная десериализация данных
2025-07-08 00:03:22.7155 INFO Добавлено 25 биржевых облигаций и акций Роснефть из 28 других облигаций
2025-07-08 00:03:22.7155 INFO Подключение к данным по адресу: https://iss.moex.com/iss/emitters/10761/securities.jsonp?iss.meta=off&iss.json=extended&callback=JSON_CALLBACK&lang=ru
2025-07-08 00:03:22.7592 INFO Подключение прошло успешно.
2025-07-08 00:03:22.7592 INFO Извлечение данных
2025-07-08 00:03:22.7592 INFO Данные получены
2025-07-08 00:03:22.7592 INFO Корректные данные для считывания
2025-07-08 00:03:22.7592 INFO Успешная десериализация данных
2025-07-08 00:03:22.7761 ERROR Ошибка при получении SecPortfolioId для VKCO: Акция  не найдена в таблице Stocks
2025-07-08 00:03:22.7761 INFO Подключение к данным по адресу: https://iss.moex.com/iss/emitters/1242/securities.jsonp?iss.meta=off&iss.json=extended&callback=JSON_CALLBACK&lang=ru
2025-07-08 00:03:22.8104 INFO Подключение прошло успешно.
2025-07-08 00:03:22.8104 INFO Извлечение данных
2025-07-08 00:03:22.8238 INFO Данные получены
2025-07-08 00:03:22.8238 INFO Корректные данные для считывания
2025-07-08 00:03:22.8238 INFO Успешная десериализация данных
2025-07-08 00:03:22.8428 INFO Добавлено 2 биржевых облигаций и акций Аэрофлот из 4 других облигаций
2025-07-08 00:03:22.8428 INFO Подключение к данным по адресу: https://iss.moex.com/iss/emitters/6291/securities.jsonp?iss.meta=off&iss.json=extended&callback=JSON_CALLBACK&lang=ru
2025-07-08 00:03:22.8856 INFO Подключение прошло успешно.
2025-07-08 00:03:22.8856 INFO Извлечение данных
2025-07-08 00:03:22.8856 INFO Данные получены
2025-07-08 00:03:22.8856 INFO Корректные данные для считывания
2025-07-08 00:03:22.8856 INFO Успешная десериализация данных
2025-07-08 00:03:22.9044 ERROR Ошибка при получении SecPortfolioId для SPBE: Акция  не найдена в таблице Stocks
2025-07-08 00:03:22.9044 INFO Подключение к данным по адресу: https://iss.moex.com/iss/emitters/15750/securities.jsonp?iss.meta=off&iss.json=extended&callback=JSON_CALLBACK&lang=ru
2025-07-08 00:03:22.9452 INFO Подключение прошло успешно.
2025-07-08 00:03:22.9452 INFO Извлечение данных
2025-07-08 00:03:22.9452 INFO Данные получены
2025-07-08 00:03:22.9452 INFO Корректные данные для считывания
2025-07-08 00:03:22.9452 INFO Успешная десериализация данных
2025-07-08 00:03:22.9629 ERROR Ошибка при получении SecPortfolioId для OZPH: Акция  не найдена в таблице Stocks
2025-07-08 00:03:22.9629 INFO Подключение к данным по адресу: https://iss.moex.com/iss/emitters/1264/securities.jsonp?iss.meta=off&iss.json=extended&callback=JSON_CALLBACK&lang=ru
2025-07-08 00:03:23.0019 INFO Подключение прошло успешно.
2025-07-08 00:03:23.0034 INFO Извлечение данных
2025-07-08 00:03:23.0034 INFO Данные получены
2025-07-08 00:03:23.0034 INFO Корректные данные для считывания
2025-07-08 00:03:23.0034 INFO Успешная десериализация данных
2025-07-08 00:03:23.0186 ERROR Ошибка при получении SecPortfolioId для RNFT: Акция  не найдена в таблице Stocks
2025-07-08 00:03:23.0186 INFO Подключение к данным по адресу: https://iss.moex.com/iss/emitters/716/securities.jsonp?iss.meta=off&iss.json=extended&callback=JSON_CALLBACK&lang=ru
2025-07-08 00:03:23.0591 INFO Подключение прошло успешно.
2025-07-08 00:03:23.0649 INFO Извлечение данных
2025-07-08 00:03:23.0649 INFO Данные получены
2025-07-08 00:03:23.0649 INFO Корректные данные для считывания
2025-07-08 00:03:23.0649 INFO Успешная десериализация данных
2025-07-08 00:03:23.0811 INFO Добавлено 0 биржевых облигаций и акций Мечел ао из 3 других облигаций
2025-07-08 00:03:23.0811 INFO Подключение к данным по адресу: https://iss.moex.com/iss/emitters/4330/securities.jsonp?iss.meta=off&iss.json=extended&callback=JSON_CALLBACK&lang=ru
2025-07-08 00:03:23.1179 INFO Подключение прошло успешно.
2025-07-08 00:03:23.1179 INFO Извлечение данных
2025-07-08 00:03:23.1179 INFO Данные получены
2025-07-08 00:03:23.1179 INFO Корректные данные для считывания
2025-07-08 00:03:23.1179 INFO Успешная десериализация данных
2025-07-08 00:03:23.1369 ERROR Ошибка при получении SecPortfolioId для RAGR: Акция  не найдена в таблице Stocks
2025-07-08 00:03:23.1369 INFO Подключение к данным по адресу: https://iss.moex.com/iss/emitters/3455/securities.jsonp?iss.meta=off&iss.json=extended&callback=JSON_CALLBACK&lang=ru
2025-07-08 00:03:23.1815 INFO Подключение прошло успешно.
2025-07-08 00:03:23.1815 INFO Извлечение данных
2025-07-08 00:03:23.1815 INFO Данные получены
2025-07-08 00:03:23.1815 INFO Корректные данные для считывания
2025-07-08 00:03:23.1815 INFO Успешная десериализация данных
2025-07-08 00:03:23.1965 INFO Добавлено 0 биржевых облигаций и акций МосБиржа из 2 других облигаций
2025-07-08 00:03:23.1965 INFO Все данные успешно считаны. 483 биржевых облигаций и акций из 991 разных типов облигаций
2025-07-08 00:03:23.1965 INFO Запись в файл: C:\Users\Алексей\Desktop\Учеба\github\ExchangeParsing_DB\ExchangeParsing\ExchangeParsing\bin\Debug\MoscowExchange\Bonds\Bond_08.07.2025.csv
2025-07-08 00:03:23.1965 INFO Данные записаны.
2025-07-08 00:03:23.1965 INFO Добавление полученных данных в БД
2025-07-08 00:03:23.2610 INFO Подключение к БД прошло успешно
2025-07-08 00:03:26.0465 INFO Обработано облигаций: 467 (добавлено: 0, обновлено: 467)
2025-07-08 00:03:26.0495 INFO Выполнение процедуры пересчета позиций день-клиент-портфель
2025-07-08 00:03:26.0495 INFO Процедура выполнена
2025-07-08 00:03:26.0697 INFO Приложение завершило работу
2025-07-08 00:05:07.0709 INFO Приложение запущено
2025-07-08 00:05:07.1695 INFO Отправка данных на сервер
2025-07-08 00:05:07.6099 INFO Получение данных из файла Address.csv
2025-07-08 00:05:07.6099 INFO Получение данных из файла Client.csv
2025-07-08 00:05:11.5091 INFO Данные адресов добавлены в БД
2025-07-08 00:05:11.6030 INFO Данные клиентов добавлены в БД
2025-07-08 00:05:11.6030 INFO Данные успешно отправлены на сервер
2025-07-08 00:05:11.6239 INFO Процесс получения курса валют запущен
2025-07-08 00:05:11.6239 INFO Подключение к данным по адресу: https://www.cbr.ru/currency_base/daily/?UniDbQuery.Posted=True&UniDbQuery.To=08.07.2025
2025-07-08 00:05:11.9896 INFO Подключение прошло успешно. OK
2025-07-08 00:05:12.0586 INFO Извлечение данных
2025-07-08 00:05:12.0705 INFO Данные успешно получены. Количество: 43
2025-07-08 00:05:12.0705 INFO Запись в файл по пути: C:\Users\Алексей\Desktop\Учеба\github\ExchangeParsing_DB\ExchangeParsing\ExchangeParsing\bin\Debug\CentralBank\Rate_08.07.2025.csv
2025-07-08 00:05:12.0705 INFO Данные записаны в файл. Количество 43 из 43
2025-07-08 00:05:12.0814 INFO Добавление полученных данных в БД
2025-07-08 00:05:12.0814 INFO Подключение к БД прошло успешно
2025-07-08 00:05:12.4392 INFO Обработано валют: 41 (добавлено: 0, обновлено: 41)
2025-07-08 00:05:12.4392 INFO Данные успешно отправлены на сервер
2025-07-08 00:05:12.4446 INFO Получение данных из файла SecurityPortfolio.csv
2025-07-08 00:05:12.4446 INFO Получение данных из файла Portfolio_Currency.csv
2025-07-08 00:05:12.4788 INFO Данные о портфелях добавлены
2025-07-08 00:05:12.5066 INFO Данные о связях между портфелями и валютами добавлены
2025-07-08 00:05:12.5066 INFO Запущен процесс получения акций
2025-07-08 00:05:12.5066 INFO Подключение к данным по адресу: https://iss.moex.com/iss/engines/stock/markets/shares/boards/tqbr/securities.json?iss.only=marketdata&iss.meta=off&iss.json=extended&marketdata.columns=SECID%2CLAST%2CLASTTOPREVPRICE&sort_column=VALTODAY&sort_order=desc&first=18
2025-07-08 00:05:12.6605 INFO Извлечение данных
2025-07-08 00:05:12.6605 INFO Данные получены
2025-07-08 00:05:12.6605 INFO Корректные данные для считывания
2025-07-08 00:05:12.6760 INFO Успешная десериализация данных
2025-07-08 00:05:12.6760 INFO Запись в файл: C:\Users\Алексей\Desktop\Учеба\github\ExchangeParsing_DB\ExchangeParsing\ExchangeParsing\bin\Debug\MoscowExchange\Stocks\Stock_08.07.2025.csv
2025-07-08 00:05:12.6760 INFO Данные записаны: 18 акций
2025-07-08 00:05:12.7036 INFO Добавление полученных данных в БД
2025-07-08 00:05:12.7056 INFO Подключение к БД прошло успешно
2025-07-08 00:05:12.7880 INFO Обработано акций: 16 (добавлено: 0, обновлено: 16)
2025-07-08 00:05:12.8040 INFO Запущен процесс получения облигаций
2025-07-08 00:05:12.8040 INFO Подключение к данным по адресу: https://iss.moex.com/iss/emitters/484/securities.jsonp?iss.meta=off&iss.json=extended&callback=JSON_CALLBACK&lang=ru
2025-07-08 00:05:13.0335 INFO Подключение прошло успешно.
2025-07-08 00:05:13.0335 INFO Извлечение данных
2025-07-08 00:05:13.0335 INFO Данные получены
2025-07-08 00:05:13.0553 INFO Корректные данные для считывания
2025-07-08 00:05:13.0752 INFO Успешная десериализация данных
2025-07-08 00:05:14.3161 INFO Добавлено 362 биржевых облигаций и акций Сбербанк из 368 других облигаций
2025-07-08 00:05:14.3161 INFO Подключение к данным по адресу: https://iss.moex.com/iss/emitters/269/securities.jsonp?iss.meta=off&iss.json=extended&callback=JSON_CALLBACK&lang=ru
2025-07-08 00:05:17.4800 INFO Подключение прошло успешно.
2025-07-08 00:05:17.4800 INFO Извлечение данных
2025-07-08 00:05:17.5022 INFO Данные получены
2025-07-08 00:05:17.5022 INFO Корректные данные для считывания
2025-07-08 00:05:17.5022 INFO Успешная десериализация данных
2025-07-08 00:05:19.2931 INFO Добавлено 58 биржевых облигаций и акций ВТБ ао из 518 других облигаций
2025-07-08 00:05:19.2931 INFO Подключение к данным по адресу: https://iss.moex.com/iss/emitters/3588/securities.jsonp?iss.meta=off&iss.json=extended&callback=JSON_CALLBACK&lang=ru
2025-07-08 00:05:19.3356 INFO Подключение прошло успешно.
2025-07-08 00:05:19.3356 INFO Извлечение данных
2025-07-08 00:05:19.3356 INFO Данные получены
2025-07-08 00:05:19.3356 INFO Корректные данные для считывания
2025-07-08 00:05:19.3356 INFO Успешная десериализация данных
2025-07-08 00:05:19.3584 ERROR Ошибка при получении SecPortfolioId для UGLD: Акция  не найдена в таблице Stocks
2025-07-08 00:05:19.3831 INFO Подключение к данным по адресу: https://iss.moex.com/iss/emitters/711/securities.jsonp?iss.meta=off&iss.json=extended&callback=JSON_CALLBACK&lang=ru
2025-07-08 00:05:19.4310 INFO Подключение прошло успешно.
2025-07-08 00:05:19.4310 INFO Извлечение данных
2025-07-08 00:05:19.4310 INFO Данные получены
2025-07-08 00:05:19.4310 INFO Корректные данные для считывания
2025-07-08 00:05:19.4310 INFO Успешная десериализация данных
2025-07-08 00:05:19.4631 INFO Добавлено 5 биржевых облигаций и акций ГАЗПРОМ ао из 7 других облигаций
2025-07-08 00:05:19.4631 INFO Подключение к данным по адресу: https://iss.moex.com/iss/emitters/10763/securities.jsonp?iss.meta=off&iss.json=extended&callback=JSON_CALLBACK&lang=ru
2025-07-08 00:05:19.4918 INFO Подключение прошло успешно.
2025-07-08 00:05:19.4918 INFO Извлечение данных
2025-07-08 00:05:19.5075 INFO Данные получены
2025-07-08 00:05:19.5075 INFO Корректные данные для считывания
2025-07-08 00:05:19.5075 INFO Успешная десериализация данных
2025-07-08 00:05:19.5203 INFO Добавлено 0 биржевых облигаций и акций Т-Техно ао из 2 других облигаций
2025-07-08 00:05:19.5203 INFO Подключение к данным по адресу: https://iss.moex.com/iss/emitters/770/securities.jsonp?iss.meta=off&iss.json=extended&callback=JSON_CALLBACK&lang=ru
2025-07-08 00:05:19.5650 INFO Подключение прошло успешно.
2025-07-08 00:05:19.5650 INFO Извлечение данных
2025-07-08 00:05:19.5650 INFO Данные получены
2025-07-08 00:05:19.5650 INFO Корректные данные для считывания
2025-07-08 00:05:19.5650 INFO Успешная десериализация данных
2025-07-08 00:05:19.5986 INFO Добавлено 0 биржевых облигаций и акций ЛУКОЙЛ из 7 других облигаций
2025-07-08 00:05:19.5986 INFO Подключение к данным по адресу: https://iss.moex.com/iss/emitters/1074/securities.jsonp?iss.meta=off&iss.json=extended&callback=JSON_CALLBACK&lang=ru
2025-07-08 00:05:19.6432 INFO Подключение прошло успешно.
2025-07-08 00:05:19.6432 INFO Извлечение данных
2025-07-08 00:05:19.6432 INFO Данные получены
2025-07-08 00:05:19.6432 INFO Корректные данные для считывания
2025-07-08 00:05:19.6432 INFO Успешная десериализация данных
2025-07-08 00:05:19.6777 INFO Добавлено 4 биржевых облигаций и акций Новатэк ао из 7 других облигаций
2025-07-08 00:05:19.6777 INFO Подключение к данным по адресу: https://iss.moex.com/iss/emitters/9848/securities.jsonp?iss.meta=off&iss.json=extended&callback=JSON_CALLBACK&lang=ru
2025-07-08 00:05:19.7224 INFO Подключение прошло успешно.
2025-07-08 00:05:19.7224 INFO Извлечение данных
2025-07-08 00:05:19.7224 INFO Данные получены
2025-07-08 00:05:19.7224 INFO Корректные данные для считывания
2025-07-08 00:05:19.7224 INFO Успешная десериализация данных
2025-07-08 00:05:19.7756 INFO Добавлено 10 биржевых облигаций и акций Самолет ао из 13 других облигаций
2025-07-08 00:05:19.7756 INFO Подключение к данным по адресу: https://iss.moex.com/iss/emitters/739/securities.jsonp?iss.meta=off&iss.json=extended&callback=JSON_CALLBACK&lang=ru
2025-07-08 00:05:19.8168 INFO Подключение прошло успешно.
2025-07-08 00:05:19.8168 INFO Извлечение данных
2025-07-08 00:05:19.8168 INFO Данные получены
2025-07-08 00:05:19.8168 INFO Корректные данные для считывания
2025-07-08 00:05:19.8168 INFO Успешная десериализация данных
2025-07-08 00:05:19.8344 INFO Добавлено 1 биржевых облигаций и акций ПИК ао из 4 других облигаций
2025-07-08 00:05:19.8344 INFO Подключение к данным по адресу: https://iss.moex.com/iss/emitters/10712/securities.jsonp?iss.meta=off&iss.json=extended&callback=JSON_CALLBACK&lang=ru
2025-07-08 00:05:19.8685 INFO Подключение прошло успешно.
2025-07-08 00:05:19.8685 INFO Извлечение данных
2025-07-08 00:05:19.8685 INFO Данные получены
2025-07-08 00:05:19.8806 INFO Корректные данные для считывания
2025-07-08 00:05:19.8806 INFO Успешная десериализация данных
2025-07-08 00:05:19.8806 INFO Добавлено 0 биржевых облигаций и акций КЦ ИКС 5 из 2 других облигаций
2025-07-08 00:05:19.8806 INFO Подключение к данным по адресу: https://iss.moex.com/iss/emitters/1399/securities.jsonp?iss.meta=off&iss.json=extended&callback=JSON_CALLBACK&lang=ru
2025-07-08 00:05:19.9369 INFO Подключение прошло успешно.
2025-07-08 00:05:19.9369 INFO Извлечение данных
2025-07-08 00:05:19.9396 INFO Данные получены
2025-07-08 00:05:19.9396 INFO Корректные данные для считывания
2025-07-08 00:05:19.9396 INFO Успешная десериализация данных
2025-07-08 00:05:19.9912 INFO Добавлено 11 биржевых облигаций и акций ГМКНорНик из 15 других облигаций
2025-07-08 00:05:19.9912 INFO Подключение к данным по адресу: https://iss.moex.com/iss/emitters/15523/securities.jsonp?iss.meta=off&iss.json=extended&callback=JSON_CALLBACK&lang=ru
2025-07-08 00:05:20.0246 INFO Подключение прошло успешно.
2025-07-08 00:05:20.0246 INFO Извлечение данных
2025-07-08 00:05:20.0246 INFO Данные получены
2025-07-08 00:05:20.0391 INFO Корректные данные для считывания
2025-07-08 00:05:20.0391 INFO Успешная десериализация данных
2025-07-08 00:05:20.0513 INFO Добавлено 1 биржевых облигаций и акций ЯНДЕКС из 3 других облигаций
2025-07-08 00:05:20.0513 INFO Подключение к данным по адресу: https://iss.moex.com/iss/emitters/12604/securities.jsonp?iss.meta=off&iss.json=extended&callback=JSON_CALLBACK&lang=ru
2025-07-08 00:05:20.1004 INFO Подключение прошло успешно.
2025-07-08 00:05:20.1004 INFO Извлечение данных
2025-07-08 00:05:20.1004 INFO Данные получены
2025-07-08 00:05:20.1004 INFO Корректные данные для считывания
2025-07-08 00:05:20.1004 INFO Успешная десериализация данных
2025-07-08 00:05:20.1244 ERROR Ошибка при получении SecPortfolioId для POSI: Акция  не найдена в таблице Stocks
2025-07-08 00:05:20.1244 INFO Подключение к данным по адресу: https://iss.moex.com/iss/emitters/1158/securities.jsonp?iss.meta=off&iss.json=extended&callback=JSON_CALLBACK&lang=ru
2025-07-08 00:05:20.1697 INFO Подключение прошло успешно.
2025-07-08 00:05:20.1697 INFO Извлечение данных
2025-07-08 00:05:20.1697 INFO Данные получены
2025-07-08 00:05:20.1697 INFO Корректные данные для считывания
2025-07-08 00:05:20.1697 INFO Успешная десериализация данных
2025-07-08 00:05:20.1999 INFO Добавлено 4 биржевых облигаций и акций Полюс из 8 других облигаций
2025-07-08 00:05:20.1999 INFO Подключение к данным по адресу: https://iss.moex.com/iss/emitters/886/securities.jsonp?iss.meta=off&iss.json=extended&callback=JSON_CALLBACK&lang=ru
2025-07-08 00:05:20.2440 INFO Подключение прошло успешно.
2025-07-08 00:05:20.2440 INFO Извлечение данных
2025-07-08 00:05:20.2527 INFO Данные получены
2025-07-08 00:05:20.2527 INFO Корректные данные для считывания
2025-07-08 00:05:20.2527 INFO Успешная десериализация данных
2025-07-08 00:05:20.2527 ERROR Ошибка при получении SecPortfolioId для MGNT: Акция  не найдена в таблице Stocks
2025-07-08 00:05:20.2527 INFO Подключение к данным по адресу: https://iss.moex.com/iss/emitters/651/securities.jsonp?iss.meta=off&iss.json=extended&callback=JSON_CALLBACK&lang=ru
2025-07-08 00:05:20.3120 INFO Подключение прошло успешно.
2025-07-08 00:05:20.3120 INFO Извлечение данных
2025-07-08 00:05:20.3120 INFO Данные получены
2025-07-08 00:05:20.3186 INFO Корректные данные для считывания
2025-07-08 00:05:20.3186 INFO Успешная десериализация данных
2025-07-08 00:05:20.4136 INFO Добавлено 25 биржевых облигаций и акций Роснефть из 28 других облигаций
2025-07-08 00:05:20.4136 INFO Подключение к данным по адресу: https://iss.moex.com/iss/emitters/10761/securities.jsonp?iss.meta=off&iss.json=extended&callback=JSON_CALLBACK&lang=ru
2025-07-08 00:05:20.4634 INFO Подключение прошло успешно.
2025-07-08 00:05:20.4634 INFO Извлечение данных
2025-07-08 00:05:20.4634 INFO Данные получены
2025-07-08 00:05:20.4634 INFO Корректные данные для считывания
2025-07-08 00:05:20.4634 INFO Успешная десериализация данных
2025-07-08 00:05:20.4787 ERROR Ошибка при получении SecPortfolioId для VKCO: Акция  не найдена в таблице Stocks
2025-07-08 00:05:20.4787 INFO Подключение к данным по адресу: https://iss.moex.com/iss/emitters/1242/securities.jsonp?iss.meta=off&iss.json=extended&callback=JSON_CALLBACK&lang=ru
2025-07-08 00:05:20.5237 INFO Подключение прошло успешно.
2025-07-08 00:05:20.5433 INFO Извлечение данных
2025-07-08 00:05:20.5433 INFO Данные получены
2025-07-08 00:05:20.5433 INFO Корректные данные для считывания
2025-07-08 00:05:20.5433 INFO Успешная десериализация данных
2025-07-08 00:05:20.5641 INFO Добавлено 2 биржевых облигаций и акций Аэрофлот из 4 других облигаций
2025-07-08 00:05:20.5641 INFO Подключение к данным по адресу: https://iss.moex.com/iss/emitters/6291/securities.jsonp?iss.meta=off&iss.json=extended&callback=JSON_CALLBACK&lang=ru
2025-07-08 00:05:20.6095 INFO Подключение прошло успешно.
2025-07-08 00:05:20.6095 INFO Извлечение данных
2025-07-08 00:05:20.6095 INFO Данные получены
2025-07-08 00:05:20.6138 INFO Корректные данные для считывания
2025-07-08 00:05:20.6138 INFO Успешная десериализация данных
2025-07-08 00:05:20.6277 ERROR Ошибка при получении SecPortfolioId для SPBE: Акция  не найдена в таблице Stocks
2025-07-08 00:05:20.6277 INFO Подключение к данным по адресу: https://iss.moex.com/iss/emitters/15750/securities.jsonp?iss.meta=off&iss.json=extended&callback=JSON_CALLBACK&lang=ru
2025-07-08 00:05:20.6629 INFO Подключение прошло успешно.
2025-07-08 00:05:20.6629 INFO Извлечение данных
2025-07-08 00:05:20.6629 INFO Данные получены
2025-07-08 00:05:20.6629 INFO Корректные данные для считывания
2025-07-08 00:05:20.6629 INFO Успешная десериализация данных
2025-07-08 00:05:20.6808 ERROR Ошибка при получении SecPortfolioId для OZPH: Акция  не найдена в таблице Stocks
2025-07-08 00:05:20.6808 INFO Подключение к данным по адресу: https://iss.moex.com/iss/emitters/1264/securities.jsonp?iss.meta=off&iss.json=extended&callback=JSON_CALLBACK&lang=ru
2025-07-08 00:05:20.7235 INFO Подключение прошло успешно.
2025-07-08 00:05:20.7235 INFO Извлечение данных
2025-07-08 00:05:20.7235 INFO Данные получены
2025-07-08 00:05:20.7235 INFO Корректные данные для считывания
2025-07-08 00:05:20.7235 INFO Успешная десериализация данных
2025-07-08 00:05:20.7441 ERROR Ошибка при получении SecPortfolioId для RNFT: Акция  не найдена в таблице Stocks
2025-07-08 00:05:20.7441 INFO Подключение к данным по адресу: https://iss.moex.com/iss/emitters/716/securities.jsonp?iss.meta=off&iss.json=extended&callback=JSON_CALLBACK&lang=ru
2025-07-08 00:05:20.7860 INFO Подключение прошло успешно.
2025-07-08 00:05:20.7860 INFO Извлечение данных
2025-07-08 00:05:20.7860 INFO Данные получены
2025-07-08 00:05:20.7860 INFO Корректные данные для считывания
2025-07-08 00:05:20.7860 INFO Успешная десериализация данных
2025-07-08 00:05:20.8073 INFO Добавлено 0 биржевых облигаций и акций Мечел ао из 3 других облигаций
2025-07-08 00:05:20.8073 INFO Подключение к данным по адресу: https://iss.moex.com/iss/emitters/4330/securities.jsonp?iss.meta=off&iss.json=extended&callback=JSON_CALLBACK&lang=ru
2025-07-08 00:05:20.8406 INFO Подключение прошло успешно.
2025-07-08 00:05:20.8406 INFO Извлечение данных
2025-07-08 00:05:20.8406 INFO Данные получены
2025-07-08 00:05:20.8406 INFO Корректные данные для считывания
2025-07-08 00:05:20.8406 INFO Успешная десериализация данных
2025-07-08 00:05:20.8605 ERROR Ошибка при получении SecPortfolioId для RAGR: Акция  не найдена в таблице Stocks
2025-07-08 00:05:20.8605 INFO Подключение к данным по адресу: https://iss.moex.com/iss/emitters/3455/securities.jsonp?iss.meta=off&iss.json=extended&callback=JSON_CALLBACK&lang=ru
2025-07-08 00:05:20.9053 INFO Подключение прошло успешно.
2025-07-08 00:05:20.9053 INFO Извлечение данных
2025-07-08 00:05:20.9053 INFO Данные получены
2025-07-08 00:05:20.9099 INFO Корректные данные для считывания
2025-07-08 00:05:20.9099 INFO Успешная десериализация данных
2025-07-08 00:05:20.9249 INFO Добавлено 0 биржевых облигаций и акций МосБиржа из 2 других облигаций
2025-07-08 00:05:20.9249 INFO Все данные успешно считаны. 483 биржевых облигаций и акций из 991 разных типов облигаций
2025-07-08 00:05:20.9249 INFO Запись в файл: C:\Users\Алексей\Desktop\Учеба\github\ExchangeParsing_DB\ExchangeParsing\ExchangeParsing\bin\Debug\MoscowExchange\Bonds\Bond_08.07.2025.csv
2025-07-08 00:05:20.9249 INFO Данные записаны.
2025-07-08 00:05:20.9249 INFO Добавление полученных данных в БД
2025-07-08 00:05:20.9249 INFO Подключение к БД прошло успешно
2025-07-08 00:05:23.2972 INFO Обработано облигаций: 397 (добавлено: 0, обновлено: 397)
2025-07-08 00:05:23.2993 INFO Выполнение процедуры пересчета позиций день-клиент-портфель
2025-07-08 00:05:23.3450 ERROR Нарушено "PK__HistoryP__3214EC0749053B16" ограничения PRIMARY KEY. Не удается вставить повторяющийся ключ в объект "dbo.HistoryPortfolio". Повторяющееся значение ключа: (1).
Проверка сведений об идентификаторе: текущее значение идентификатора "10".
Выполнение DBCC завершено. Если DBCC выдает сообщения об ошибках, обратитесь к системному администратору.
Выполнение данной инструкции было прервано.
Добавлено 0 записей в историю портфелей за 08.07.2025
2025-07-08 00:05:23.3497 INFO Приложение завершило работу
2025-07-08 00:11:43.6925 INFO Приложение запущено
2025-07-08 00:11:43.8459 INFO Отправка данных на сервер
2025-07-08 00:11:44.2577 INFO Получение данных из файла Address.csv
2025-07-08 00:11:44.2577 INFO Получение данных из файла Client.csv
2025-07-08 00:11:48.0931 INFO Данные адресов добавлены в БД
2025-07-08 00:11:48.2124 INFO Данные клиентов добавлены в БД
2025-07-08 00:11:48.2124 INFO Данные успешно отправлены на сервер
2025-07-08 00:11:48.2326 INFO Процесс получения курса валют запущен
2025-07-08 00:11:48.2326 INFO Подключение к данным по адресу: https://www.cbr.ru/currency_base/daily/?UniDbQuery.Posted=True&UniDbQuery.To=08.07.2025
2025-07-08 00:11:48.5716 INFO Подключение прошло успешно. OK
2025-07-08 00:11:48.6327 INFO Извлечение данных
2025-07-08 00:11:48.6327 INFO Данные успешно получены. Количество: 43
2025-07-08 00:11:48.6470 INFO Запись в файл по пути: C:\Users\Алексей\Desktop\Учеба\github\ExchangeParsing_DB\ExchangeParsing\ExchangeParsing\bin\Debug\CentralBank\Rate_08.07.2025.csv
2025-07-08 00:11:48.6470 INFO Данные записаны в файл. Количество 43 из 43
2025-07-08 00:11:48.6470 INFO Добавление полученных данных в БД
2025-07-08 00:11:48.6470 INFO Подключение к БД прошло успешно
2025-07-08 00:11:48.9821 INFO Обработано валют: 41 (добавлено: 0, обновлено: 41)
2025-07-08 00:11:48.9821 INFO Данные успешно отправлены на сервер
2025-07-08 00:11:48.9882 INFO Получение данных из файла SecurityPortfolio.csv
2025-07-08 00:11:48.9882 INFO Получение данных из файла Portfolio_Currency.csv
2025-07-08 00:11:49.0329 INFO Данные о портфелях добавлены
2025-07-08 00:11:49.0597 INFO Данные о связях между портфелями и валютами добавлены
2025-07-08 00:11:49.0597 INFO Запущен процесс получения акций
2025-07-08 00:11:49.0597 INFO Подключение к данным по адресу: https://iss.moex.com/iss/engines/stock/markets/shares/boards/tqbr/securities.json?iss.only=marketdata&iss.meta=off&iss.json=extended&marketdata.columns=SECID%2CLAST%2CLASTTOPREVPRICE&sort_column=VALTODAY&sort_order=desc&first=18
2025-07-08 00:11:49.2508 INFO Извлечение данных
2025-07-08 00:11:49.2625 INFO Данные получены
2025-07-08 00:11:49.2625 INFO Корректные данные для считывания
2025-07-08 00:11:49.2843 INFO Успешная десериализация данных
2025-07-08 00:11:49.2843 INFO Запись в файл: C:\Users\Алексей\Desktop\Учеба\github\ExchangeParsing_DB\ExchangeParsing\ExchangeParsing\bin\Debug\MoscowExchange\Stocks\Stock_08.07.2025.csv
2025-07-08 00:11:49.2843 INFO Данные записаны: 18 акций
2025-07-08 00:11:49.2990 INFO Добавление полученных данных в БД
2025-07-08 00:11:49.2990 INFO Подключение к БД прошло успешно
2025-07-08 00:11:49.4012 INFO Обработано акций: 16 (добавлено: 0, обновлено: 16)
2025-07-08 00:11:49.4012 INFO Запущен процесс получения облигаций
2025-07-08 00:11:49.4012 INFO Подключение к данным по адресу: https://iss.moex.com/iss/emitters/484/securities.jsonp?iss.meta=off&iss.json=extended&callback=JSON_CALLBACK&lang=ru
2025-07-08 00:11:49.8586 INFO Подключение прошло успешно.
2025-07-08 00:11:49.8586 INFO Извлечение данных
2025-07-08 00:11:49.8792 INFO Данные получены
2025-07-08 00:11:49.8792 INFO Корректные данные для считывания
2025-07-08 00:11:49.9008 INFO Успешная десериализация данных
2025-07-08 00:11:51.1477 INFO Добавлено 362 биржевых облигаций и акций Сбербанк из 368 других облигаций
2025-07-08 00:11:51.1477 INFO Подключение к данным по адресу: https://iss.moex.com/iss/emitters/269/securities.jsonp?iss.meta=off&iss.json=extended&callback=JSON_CALLBACK&lang=ru
2025-07-08 00:11:51.5677 INFO Подключение прошло успешно.
2025-07-08 00:11:51.5803 INFO Извлечение данных
2025-07-08 00:11:51.5803 INFO Данные получены
2025-07-08 00:11:51.6023 INFO Корректные данные для считывания
2025-07-08 00:11:51.6023 INFO Успешная десериализация данных
2025-07-08 00:11:53.3635 INFO Добавлено 58 биржевых облигаций и акций ВТБ ао из 518 других облигаций
2025-07-08 00:11:53.3635 INFO Подключение к данным по адресу: https://iss.moex.com/iss/emitters/3588/securities.jsonp?iss.meta=off&iss.json=extended&callback=JSON_CALLBACK&lang=ru
2025-07-08 00:11:53.4117 INFO Подключение прошло успешно.
2025-07-08 00:11:53.4117 INFO Извлечение данных
2025-07-08 00:11:53.4117 INFO Данные получены
2025-07-08 00:11:53.4117 INFO Корректные данные для считывания
2025-07-08 00:11:53.4117 INFO Успешная десериализация данных
2025-07-08 00:11:53.4451 ERROR Ошибка при получении SecPortfolioId для UGLD: Акция  не найдена в таблице Stocks
2025-07-08 00:11:53.4451 INFO Подключение к данным по адресу: https://iss.moex.com/iss/emitters/711/securities.jsonp?iss.meta=off&iss.json=extended&callback=JSON_CALLBACK&lang=ru
2025-07-08 00:11:53.5067 INFO Подключение прошло успешно.
2025-07-08 00:11:53.5067 INFO Извлечение данных
2025-07-08 00:11:53.5067 INFO Данные получены
2025-07-08 00:11:53.5067 INFO Корректные данные для считывания
2025-07-08 00:11:53.5067 INFO Успешная десериализация данных
2025-07-08 00:11:53.5396 INFO Добавлено 5 биржевых облигаций и акций ГАЗПРОМ ао из 7 других облигаций
2025-07-08 00:11:53.5396 INFO Подключение к данным по адресу: https://iss.moex.com/iss/emitters/10763/securities.jsonp?iss.meta=off&iss.json=extended&callback=JSON_CALLBACK&lang=ru
2025-07-08 00:11:53.5895 INFO Подключение прошло успешно.
2025-07-08 00:11:53.5895 INFO Извлечение данных
2025-07-08 00:11:53.5895 INFO Данные получены
2025-07-08 00:11:53.5895 INFO Корректные данные для считывания
2025-07-08 00:11:53.5895 INFO Успешная десериализация данных
2025-07-08 00:11:53.6020 INFO Добавлено 0 биржевых облигаций и акций Т-Техно ао из 2 других облигаций
2025-07-08 00:11:53.6020 INFO Подключение к данным по адресу: https://iss.moex.com/iss/emitters/770/securities.jsonp?iss.meta=off&iss.json=extended&callback=JSON_CALLBACK&lang=ru
2025-07-08 00:11:53.6530 INFO Подключение прошло успешно.
2025-07-08 00:11:53.6530 INFO Извлечение данных
2025-07-08 00:11:53.6530 INFO Данные получены
2025-07-08 00:11:53.6530 INFO Корректные данные для считывания
2025-07-08 00:11:53.6530 INFO Успешная десериализация данных
2025-07-08 00:11:53.6843 INFO Добавлено 0 биржевых облигаций и акций ЛУКОЙЛ из 7 других облигаций
2025-07-08 00:11:53.7036 INFO Подключение к данным по адресу: https://iss.moex.com/iss/emitters/1074/securities.jsonp?iss.meta=off&iss.json=extended&callback=JSON_CALLBACK&lang=ru
2025-07-08 00:11:53.7524 INFO Подключение прошло успешно.
2025-07-08 00:11:53.7524 INFO Извлечение данных
2025-07-08 00:11:53.7524 INFO Данные получены
2025-07-08 00:11:53.7524 INFO Корректные данные для считывания
2025-07-08 00:11:53.7524 INFO Успешная десериализация данных
2025-07-08 00:11:53.7894 INFO Добавлено 4 биржевых облигаций и акций Новатэк ао из 7 других облигаций
2025-07-08 00:11:53.7894 INFO Подключение к данным по адресу: https://iss.moex.com/iss/emitters/9848/securities.jsonp?iss.meta=off&iss.json=extended&callback=JSON_CALLBACK&lang=ru
2025-07-08 00:11:53.8432 INFO Подключение прошло успешно.
2025-07-08 00:11:53.8432 INFO Извлечение данных
2025-07-08 00:11:53.8432 INFO Данные получены
2025-07-08 00:11:53.8464 INFO Корректные данные для считывания
2025-07-08 00:11:53.8464 INFO Успешная десериализация данных
2025-07-08 00:11:53.8971 INFO Добавлено 10 биржевых облигаций и акций Самолет ао из 13 других облигаций
2025-07-08 00:11:53.8971 INFO Подключение к данным по адресу: https://iss.moex.com/iss/emitters/739/securities.jsonp?iss.meta=off&iss.json=extended&callback=JSON_CALLBACK&lang=ru
2025-07-08 00:11:53.9450 INFO Подключение прошло успешно.
2025-07-08 00:11:53.9450 INFO Извлечение данных
2025-07-08 00:11:53.9450 INFO Данные получены
2025-07-08 00:11:53.9450 INFO Корректные данные для считывания
2025-07-08 00:11:53.9450 INFO Успешная десериализация данных
2025-07-08 00:11:53.9670 INFO Добавлено 1 биржевых облигаций и акций ПИК ао из 4 других облигаций
2025-07-08 00:11:53.9670 INFO Подключение к данным по адресу: https://iss.moex.com/iss/emitters/10712/securities.jsonp?iss.meta=off&iss.json=extended&callback=JSON_CALLBACK&lang=ru
2025-07-08 00:11:54.0140 INFO Подключение прошло успешно.
2025-07-08 00:11:54.0140 INFO Извлечение данных
2025-07-08 00:11:54.0140 INFO Данные получены
2025-07-08 00:11:54.0180 INFO Корректные данные для считывания
2025-07-08 00:11:54.0180 INFO Успешная десериализация данных
2025-07-08 00:11:54.0180 INFO Добавлено 0 биржевых облигаций и акций КЦ ИКС 5 из 2 других облигаций
2025-07-08 00:11:54.0180 INFO Подключение к данным по адресу: https://iss.moex.com/iss/emitters/1399/securities.jsonp?iss.meta=off&iss.json=extended&callback=JSON_CALLBACK&lang=ru
2025-07-08 00:11:54.0807 INFO Подключение прошло успешно.
2025-07-08 00:11:54.0807 INFO Извлечение данных
2025-07-08 00:11:54.0807 INFO Данные получены
2025-07-08 00:11:54.0807 INFO Корректные данные для считывания
2025-07-08 00:11:54.0807 INFO Успешная десериализация данных
2025-07-08 00:11:54.1383 INFO Добавлено 11 биржевых облигаций и акций ГМКНорНик из 15 других облигаций
2025-07-08 00:11:54.1383 INFO Подключение к данным по адресу: https://iss.moex.com/iss/emitters/15523/securities.jsonp?iss.meta=off&iss.json=extended&callback=JSON_CALLBACK&lang=ru
2025-07-08 00:11:54.1819 INFO Подключение прошло успешно.
2025-07-08 00:11:54.1819 INFO Извлечение данных
2025-07-08 00:11:54.1819 INFO Данные получены
2025-07-08 00:11:54.1819 INFO Корректные данные для считывания
2025-07-08 00:11:54.1819 INFO Успешная десериализация данных
2025-07-08 00:11:54.2028 INFO Добавлено 1 биржевых облигаций и акций ЯНДЕКС из 3 других облигаций
2025-07-08 00:11:54.2028 INFO Подключение к данным по адресу: https://iss.moex.com/iss/emitters/12604/securities.jsonp?iss.meta=off&iss.json=extended&callback=JSON_CALLBACK&lang=ru
2025-07-08 00:11:54.2450 INFO Подключение прошло успешно.
2025-07-08 00:11:54.2544 INFO Извлечение данных
2025-07-08 00:11:54.2544 INFO Данные получены
2025-07-08 00:11:54.2544 INFO Корректные данные для считывания
2025-07-08 00:11:54.2544 INFO Успешная десериализация данных
2025-07-08 00:11:54.2716 ERROR Ошибка при получении SecPortfolioId для POSI: Акция  не найдена в таблице Stocks
2025-07-08 00:11:54.2716 INFO Подключение к данным по адресу: https://iss.moex.com/iss/emitters/1158/securities.jsonp?iss.meta=off&iss.json=extended&callback=JSON_CALLBACK&lang=ru
2025-07-08 00:11:54.3285 INFO Подключение прошло успешно.
2025-07-08 00:11:54.3285 INFO Извлечение данных
2025-07-08 00:11:54.3285 INFO Данные получены
2025-07-08 00:11:54.3285 INFO Корректные данные для считывания
2025-07-08 00:11:54.3285 INFO Успешная десериализация данных
2025-07-08 00:11:54.3605 INFO Добавлено 4 биржевых облигаций и акций Полюс из 8 других облигаций
2025-07-08 00:11:54.3625 INFO Подключение к данным по адресу: https://iss.moex.com/iss/emitters/886/securities.jsonp?iss.meta=off&iss.json=extended&callback=JSON_CALLBACK&lang=ru
2025-07-08 00:11:54.4143 INFO Подключение прошло успешно.
2025-07-08 00:11:54.4143 INFO Извлечение данных
2025-07-08 00:11:54.4143 INFO Данные получены
2025-07-08 00:11:54.4143 INFO Корректные данные для считывания
2025-07-08 00:11:54.4143 INFO Успешная десериализация данных
2025-07-08 00:11:54.4329 ERROR Ошибка при получении SecPortfolioId для MGNT: Акция  не найдена в таблице Stocks
2025-07-08 00:11:54.4329 INFO Подключение к данным по адресу: https://iss.moex.com/iss/emitters/651/securities.jsonp?iss.meta=off&iss.json=extended&callback=JSON_CALLBACK&lang=ru
2025-07-08 00:11:54.4949 INFO Подключение прошло успешно.
2025-07-08 00:11:54.4949 INFO Извлечение данных
2025-07-08 00:11:54.4949 INFO Данные получены
2025-07-08 00:11:54.4949 INFO Корректные данные для считывания
2025-07-08 00:11:54.4949 INFO Успешная десериализация данных
2025-07-08 00:11:54.5956 INFO Добавлено 25 биржевых облигаций и акций Роснефть из 28 других облигаций
2025-07-08 00:11:54.5956 INFO Подключение к данным по адресу: https://iss.moex.com/iss/emitters/10761/securities.jsonp?iss.meta=off&iss.json=extended&callback=JSON_CALLBACK&lang=ru
2025-07-08 00:11:54.6490 INFO Подключение прошло успешно.
2025-07-08 00:11:54.6490 INFO Извлечение данных
2025-07-08 00:11:54.6490 INFO Данные получены
2025-07-08 00:11:54.6490 INFO Корректные данные для считывания
2025-07-08 00:11:54.6490 INFO Успешная десериализация данных
2025-07-08 00:11:54.6672 ERROR Ошибка при получении SecPortfolioId для VKCO: Акция  не найдена в таблице Stocks
2025-07-08 00:11:54.6672 INFO Подключение к данным по адресу: https://iss.moex.com/iss/emitters/1242/securities.jsonp?iss.meta=off&iss.json=extended&callback=JSON_CALLBACK&lang=ru
2025-07-08 00:11:54.7141 INFO Подключение прошло успешно.
2025-07-08 00:11:54.7141 INFO Извлечение данных
2025-07-08 00:11:54.7141 INFO Данные получены
2025-07-08 00:11:54.7268 INFO Корректные данные для считывания
2025-07-08 00:11:54.7268 INFO Успешная десериализация данных
2025-07-08 00:11:54.7407 INFO Добавлено 2 биржевых облигаций и акций Аэрофлот из 4 других облигаций
2025-07-08 00:11:54.7407 INFO Подключение к данным по адресу: https://iss.moex.com/iss/emitters/6291/securities.jsonp?iss.meta=off&iss.json=extended&callback=JSON_CALLBACK&lang=ru
2025-07-08 00:11:54.7942 INFO Подключение прошло успешно.
2025-07-08 00:11:54.7942 INFO Извлечение данных
2025-07-08 00:11:54.7942 INFO Данные получены
2025-07-08 00:11:54.7942 INFO Корректные данные для считывания
2025-07-08 00:11:54.7942 INFO Успешная десериализация данных
2025-07-08 00:11:54.8111 ERROR Ошибка при получении SecPortfolioId для SPBE: Акция  не найдена в таблице Stocks
2025-07-08 00:11:54.8111 INFO Подключение к данным по адресу: https://iss.moex.com/iss/emitters/15750/securities.jsonp?iss.meta=off&iss.json=extended&callback=JSON_CALLBACK&lang=ru
2025-07-08 00:11:54.8563 INFO Подключение прошло успешно.
2025-07-08 00:11:54.8563 INFO Извлечение данных
2025-07-08 00:11:54.8563 INFO Данные получены
2025-07-08 00:11:54.8563 INFO Корректные данные для считывания
2025-07-08 00:11:54.8615 INFO Успешная десериализация данных
2025-07-08 00:11:54.8615 ERROR Ошибка при получении SecPortfolioId для OZPH: Акция  не найдена в таблице Stocks
2025-07-08 00:11:54.8615 INFO Подключение к данным по адресу: https://iss.moex.com/iss/emitters/1264/securities.jsonp?iss.meta=off&iss.json=extended&callback=JSON_CALLBACK&lang=ru
2025-07-08 00:11:54.9211 INFO Подключение прошло успешно.
2025-07-08 00:11:54.9211 INFO Извлечение данных
2025-07-08 00:11:54.9211 INFO Данные получены
2025-07-08 00:11:54.9211 INFO Корректные данные для считывания
2025-07-08 00:11:54.9257 INFO Успешная десериализация данных
2025-07-08 00:11:54.9399 ERROR Ошибка при получении SecPortfolioId для RNFT: Акция  не найдена в таблице Stocks
2025-07-08 00:11:54.9399 INFO Подключение к данным по адресу: https://iss.moex.com/iss/emitters/716/securities.jsonp?iss.meta=off&iss.json=extended&callback=JSON_CALLBACK&lang=ru
2025-07-08 00:11:54.9935 INFO Подключение прошло успешно.
2025-07-08 00:11:54.9935 INFO Извлечение данных
2025-07-08 00:11:54.9935 INFO Данные получены
2025-07-08 00:11:54.9935 INFO Корректные данные для считывания
2025-07-08 00:11:54.9935 INFO Успешная десериализация данных
2025-07-08 00:11:55.0097 INFO Добавлено 0 биржевых облигаций и акций Мечел ао из 3 других облигаций
2025-07-08 00:11:55.0097 INFO Подключение к данным по адресу: https://iss.moex.com/iss/emitters/4330/securities.jsonp?iss.meta=off&iss.json=extended&callback=JSON_CALLBACK&lang=ru
2025-07-08 00:11:57.0252 INFO Подключение прошло успешно.
2025-07-08 00:11:57.0252 INFO Извлечение данных
2025-07-08 00:11:57.0252 INFO Данные получены
2025-07-08 00:11:57.0252 INFO Корректные данные для считывания
2025-07-08 00:11:57.0336 INFO Успешная десериализация данных
2025-07-08 00:11:57.0336 ERROR Ошибка при получении SecPortfolioId для RAGR: Акция  не найдена в таблице Stocks
2025-07-08 00:11:57.0336 INFO Подключение к данным по адресу: https://iss.moex.com/iss/emitters/3455/securities.jsonp?iss.meta=off&iss.json=extended&callback=JSON_CALLBACK&lang=ru
2025-07-08 00:11:57.0940 INFO Подключение прошло успешно.
2025-07-08 00:11:57.0940 INFO Извлечение данных
2025-07-08 00:11:57.0990 INFO Данные получены
2025-07-08 00:11:57.0990 INFO Корректные данные для считывания
2025-07-08 00:11:57.0990 INFO Успешная десериализация данных
2025-07-08 00:11:57.0990 INFO Добавлено 0 биржевых облигаций и акций МосБиржа из 2 других облигаций
2025-07-08 00:11:57.1118 INFO Все данные успешно считаны. 483 биржевых облигаций и акций из 991 разных типов облигаций
2025-07-08 00:11:57.1118 INFO Запись в файл: C:\Users\Алексей\Desktop\Учеба\github\ExchangeParsing_DB\ExchangeParsing\ExchangeParsing\bin\Debug\MoscowExchange\Bonds\Bond_08.07.2025.csv
2025-07-08 00:11:57.1118 INFO Данные записаны.
2025-07-08 00:11:57.1118 INFO Добавление полученных данных в БД
2025-07-08 00:11:57.1118 INFO Подключение к БД прошло успешно
2025-07-08 00:11:59.8890 INFO Обработано облигаций: 457 (добавлено: 0, обновлено: 457)
2025-07-08 00:11:59.8890 INFO Выполнение процедуры пересчета позиций день-клиент-портфель
2025-07-08 00:11:59.9096 INFO Процедура выполнена
2025-07-08 00:11:59.9096 INFO Приложение завершило работу
2025-07-08 00:20:09.4874 INFO Приложение запущено
2025-07-08 00:20:09.6128 INFO Отправка данных на сервер
2025-07-08 00:20:10.0264 INFO Получение данных из файла Address.csv
2025-07-08 00:20:10.0264 INFO Получение данных из файла Client.csv
2025-07-08 00:20:14.0284 INFO Данные адресов добавлены в БД
2025-07-08 00:20:14.1195 INFO Данные клиентов добавлены в БД
2025-07-08 00:20:14.1195 INFO Данные успешно отправлены на сервер
2025-07-08 00:20:14.1352 INFO Процесс получения курса валют запущен
2025-07-08 00:20:14.1352 INFO Подключение к данным по адресу: https://www.cbr.ru/currency_base/daily/?UniDbQuery.Posted=True&UniDbQuery.To=08.07.2025
2025-07-08 00:20:14.4014 INFO Подключение прошло успешно. OK
2025-07-08 00:20:14.4578 INFO Извлечение данных
2025-07-08 00:20:14.4746 INFO Данные успешно получены. Количество: 43
2025-07-08 00:20:14.4746 INFO Запись в файл по пути: C:\Users\Алексей\Desktop\Учеба\github\ExchangeParsing_DB\ExchangeParsing\ExchangeParsing\bin\Debug\CentralBank\Rate_08.07.2025.csv
2025-07-08 00:20:14.4746 INFO Данные записаны в файл. Количество 43 из 43
2025-07-08 00:20:14.4907 INFO Добавление полученных данных в БД
2025-07-08 00:20:14.4907 INFO Подключение к БД прошло успешно
2025-07-08 00:20:14.8874 INFO Обработано валют: 41 (добавлено: 0, обновлено: 41)
2025-07-08 00:20:14.8874 INFO Данные успешно отправлены на сервер
2025-07-08 00:20:14.8874 INFO Получение данных из файла SecurityPortfolio.csv
2025-07-08 00:20:14.8945 INFO Получение данных из файла Portfolio_Currency.csv
2025-07-08 00:20:14.9283 INFO Данные о портфелях добавлены
2025-07-08 00:20:14.9553 INFO Данные о связях между портфелями и валютами добавлены
2025-07-08 00:20:14.9553 INFO Запущен процесс получения акций
2025-07-08 00:20:14.9553 INFO Подключение к данным по адресу: https://iss.moex.com/iss/engines/stock/markets/shares/boards/tqbr/securities.json?iss.only=marketdata&iss.meta=off&iss.json=extended&marketdata.columns=SECID%2CLAST%2CLASTTOPREVPRICE&sort_column=VALTODAY&sort_order=desc&first=18
2025-07-08 00:20:15.1711 INFO Извлечение данных
2025-07-08 00:20:15.1833 INFO Данные получены
2025-07-08 00:20:15.1833 INFO Корректные данные для считывания
2025-07-08 00:20:15.2059 INFO Успешная десериализация данных
2025-07-08 00:20:15.2059 INFO Запись в файл: C:\Users\Алексей\Desktop\Учеба\github\ExchangeParsing_DB\ExchangeParsing\ExchangeParsing\bin\Debug\MoscowExchange\Stocks\Stock_08.07.2025.csv
2025-07-08 00:20:15.2059 INFO Данные записаны: 18 акций
2025-07-08 00:20:15.2237 INFO Добавление полученных данных в БД
2025-07-08 00:20:15.2237 INFO Подключение к БД прошло успешно
2025-07-08 00:20:15.3432 INFO Обработано акций: 14 (добавлено: 0, обновлено: 14)
2025-07-08 00:20:15.3482 INFO Запущен процесс получения облигаций
2025-07-08 00:20:15.3482 INFO Подключение к данным по адресу: https://iss.moex.com/iss/emitters/484/securities.jsonp?iss.meta=off&iss.json=extended&callback=JSON_CALLBACK&lang=ru
2025-07-08 00:20:15.9180 INFO Подключение прошло успешно.
2025-07-08 00:20:15.9180 INFO Извлечение данных
2025-07-08 00:20:15.9390 INFO Данные получены
2025-07-08 00:20:15.9450 INFO Корректные данные для считывания
2025-07-08 00:20:15.9668 INFO Успешная десериализация данных
2025-07-08 00:20:17.2783 INFO Добавлено 362 биржевых облигаций и акций Сбербанк из 368 других облигаций
2025-07-08 00:20:17.2783 INFO Подключение к данным по адресу: https://iss.moex.com/iss/emitters/269/securities.jsonp?iss.meta=off&iss.json=extended&callback=JSON_CALLBACK&lang=ru
2025-07-08 00:20:17.6301 INFO Подключение прошло успешно.
2025-07-08 00:20:17.6301 INFO Извлечение данных
2025-07-08 00:20:17.6545 INFO Данные получены
2025-07-08 00:20:17.6605 INFO Корректные данные для считывания
2025-07-08 00:20:17.6605 INFO Успешная десериализация данных
2025-07-08 00:20:19.4262 INFO Добавлено 58 биржевых облигаций и акций ВТБ ао из 518 других облигаций
2025-07-08 00:20:19.4262 INFO Подключение к данным по адресу: https://iss.moex.com/iss/emitters/3588/securities.jsonp?iss.meta=off&iss.json=extended&callback=JSON_CALLBACK&lang=ru
2025-07-08 00:20:19.4680 INFO Подключение прошло успешно.
2025-07-08 00:20:19.4798 INFO Извлечение данных
2025-07-08 00:20:19.4798 INFO Данные получены
2025-07-08 00:20:19.4798 INFO Корректные данные для считывания
2025-07-08 00:20:19.4798 INFO Успешная десериализация данных
2025-07-08 00:20:19.5025 ERROR Ошибка при получении SecPortfolioId для UGLD: Акция  не найдена в таблице Stocks
2025-07-08 00:20:19.5025 INFO Подключение к данным по адресу: https://iss.moex.com/iss/emitters/711/securities.jsonp?iss.meta=off&iss.json=extended&callback=JSON_CALLBACK&lang=ru
2025-07-08 00:20:19.5506 INFO Подключение прошло успешно.
2025-07-08 00:20:19.5506 INFO Извлечение данных
2025-07-08 00:20:19.5506 INFO Данные получены
2025-07-08 00:20:19.5506 INFO Корректные данные для считывания
2025-07-08 00:20:19.5506 INFO Успешная десериализация данных
2025-07-08 00:20:19.5883 INFO Добавлено 5 биржевых облигаций и акций ГАЗПРОМ ао из 7 других облигаций
2025-07-08 00:20:19.6088 INFO Подключение к данным по адресу: https://iss.moex.com/iss/emitters/10763/securities.jsonp?iss.meta=off&iss.json=extended&callback=JSON_CALLBACK&lang=ru
2025-07-08 00:20:19.6590 INFO Подключение прошло успешно.
2025-07-08 00:20:19.6590 INFO Извлечение данных
2025-07-08 00:20:19.6590 INFO Данные получены
2025-07-08 00:20:19.6590 INFO Корректные данные для считывания
2025-07-08 00:20:19.6590 INFO Успешная десериализация данных
2025-07-08 00:20:19.6590 INFO Добавлено 0 биржевых облигаций и акций Т-Техно ао из 2 других облигаций
2025-07-08 00:20:19.6590 INFO Подключение к данным по адресу: https://iss.moex.com/iss/emitters/770/securities.jsonp?iss.meta=off&iss.json=extended&callback=JSON_CALLBACK&lang=ru
2025-07-08 00:20:19.7200 INFO Подключение прошло успешно.
2025-07-08 00:20:19.7200 INFO Извлечение данных
2025-07-08 00:20:19.7200 INFO Данные получены
2025-07-08 00:20:19.7200 INFO Корректные данные для считывания
2025-07-08 00:20:19.7200 INFO Успешная десериализация данных
2025-07-08 00:20:19.7584 INFO Добавлено 0 биржевых облигаций и акций ЛУКОЙЛ из 7 других облигаций
2025-07-08 00:20:19.7584 INFO Подключение к данным по адресу: https://iss.moex.com/iss/emitters/1074/securities.jsonp?iss.meta=off&iss.json=extended&callback=JSON_CALLBACK&lang=ru
2025-07-08 00:20:19.8168 INFO Подключение прошло успешно.
2025-07-08 00:20:19.8168 INFO Извлечение данных
2025-07-08 00:20:19.8168 INFO Данные получены
2025-07-08 00:20:19.8168 INFO Корректные данные для считывания
2025-07-08 00:20:19.8168 INFO Успешная десериализация данных
2025-07-08 00:20:19.8501 INFO Добавлено 4 биржевых облигаций и акций Новатэк ао из 7 других облигаций
2025-07-08 00:20:19.8501 INFO Подключение к данным по адресу: https://iss.moex.com/iss/emitters/9848/securities.jsonp?iss.meta=off&iss.json=extended&callback=JSON_CALLBACK&lang=ru
2025-07-08 00:20:19.9062 INFO Подключение прошло успешно.
2025-07-08 00:20:19.9062 INFO Извлечение данных
2025-07-08 00:20:19.9062 INFO Данные получены
2025-07-08 00:20:19.9062 INFO Корректные данные для считывания
2025-07-08 00:20:19.9062 INFO Успешная десериализация данных
2025-07-08 00:20:19.9565 INFO Добавлено 10 биржевых облигаций и акций Самолет ао из 13 других облигаций
2025-07-08 00:20:19.9795 INFO Подключение к данным по адресу: https://iss.moex.com/iss/emitters/739/securities.jsonp?iss.meta=off&iss.json=extended&callback=JSON_CALLBACK&lang=ru
2025-07-08 00:20:20.0266 INFO Подключение прошло успешно.
2025-07-08 00:20:20.0266 INFO Извлечение данных
2025-07-08 00:20:20.0266 INFO Данные получены
2025-07-08 00:20:20.0266 INFO Корректные данные для считывания
2025-07-08 00:20:20.0266 INFO Успешная десериализация данных
2025-07-08 00:20:20.0476 INFO Добавлено 1 биржевых облигаций и акций ПИК ао из 4 других облигаций
2025-07-08 00:20:20.0476 INFO Подключение к данным по адресу: https://iss.moex.com/iss/emitters/10712/securities.jsonp?iss.meta=off&iss.json=extended&callback=JSON_CALLBACK&lang=ru
2025-07-08 00:20:20.1069 INFO Подключение прошло успешно.
2025-07-08 00:20:20.1069 INFO Извлечение данных
2025-07-08 00:20:20.1069 INFO Данные получены
2025-07-08 00:20:20.1069 INFO Корректные данные для считывания
2025-07-08 00:20:20.1069 INFO Успешная десериализация данных
2025-07-08 00:20:20.1198 INFO Добавлено 0 биржевых облигаций и акций КЦ ИКС 5 из 2 других облигаций
2025-07-08 00:20:20.1198 INFO Подключение к данным по адресу: https://iss.moex.com/iss/emitters/1399/securities.jsonp?iss.meta=off&iss.json=extended&callback=JSON_CALLBACK&lang=ru
2025-07-08 00:20:20.1750 INFO Подключение прошло успешно.
2025-07-08 00:20:20.1935 INFO Извлечение данных
2025-07-08 00:20:20.1935 INFO Данные получены
2025-07-08 00:20:20.1935 INFO Корректные данные для считывания
2025-07-08 00:20:20.1935 INFO Успешная десериализация данных
2025-07-08 00:20:20.2420 INFO Добавлено 11 биржевых облигаций и акций ГМКНорНик из 15 других облигаций
2025-07-08 00:20:20.2420 INFO Подключение к данным по адресу: https://iss.moex.com/iss/emitters/15523/securities.jsonp?iss.meta=off&iss.json=extended&callback=JSON_CALLBACK&lang=ru
2025-07-08 00:20:20.2975 INFO Подключение прошло успешно.
2025-07-08 00:20:20.2975 INFO Извлечение данных
2025-07-08 00:20:20.2975 INFO Данные получены
2025-07-08 00:20:20.2975 INFO Корректные данные для считывания
2025-07-08 00:20:20.2975 INFO Успешная десериализация данных
2025-07-08 00:20:20.3167 INFO Добавлено 1 биржевых облигаций и акций ЯНДЕКС из 3 других облигаций
2025-07-08 00:20:20.3167 INFO Подключение к данным по адресу: https://iss.moex.com/iss/emitters/12604/securities.jsonp?iss.meta=off&iss.json=extended&callback=JSON_CALLBACK&lang=ru
2025-07-08 00:20:20.3779 INFO Подключение прошло успешно.
2025-07-08 00:20:20.3779 INFO Извлечение данных
2025-07-08 00:20:20.3779 INFO Данные получены
2025-07-08 00:20:20.3779 INFO Корректные данные для считывания
2025-07-08 00:20:20.3779 INFO Успешная десериализация данных
2025-07-08 00:20:20.3943 ERROR Ошибка при получении SecPortfolioId для POSI: Акция  не найдена в таблице Stocks
2025-07-08 00:20:20.3943 INFO Подключение к данным по адресу: https://iss.moex.com/iss/emitters/1158/securities.jsonp?iss.meta=off&iss.json=extended&callback=JSON_CALLBACK&lang=ru
2025-07-08 00:20:20.4550 INFO Подключение прошло успешно.
2025-07-08 00:20:20.4566 INFO Извлечение данных
2025-07-08 00:20:20.4566 INFO Данные получены
2025-07-08 00:20:20.4566 INFO Корректные данные для считывания
2025-07-08 00:20:20.4566 INFO Успешная десериализация данных
2025-07-08 00:20:20.4885 INFO Добавлено 4 биржевых облигаций и акций Полюс из 8 других облигаций
2025-07-08 00:20:20.4885 INFO Подключение к данным по адресу: https://iss.moex.com/iss/emitters/886/securities.jsonp?iss.meta=off&iss.json=extended&callback=JSON_CALLBACK&lang=ru
2025-07-08 00:20:20.5358 INFO Подключение прошло успешно.
2025-07-08 00:20:20.5358 INFO Извлечение данных
2025-07-08 00:20:20.5358 INFO Данные получены
2025-07-08 00:20:20.5358 INFO Корректные данные для считывания
2025-07-08 00:20:20.5358 INFO Успешная десериализация данных
2025-07-08 00:20:20.5615 ERROR Ошибка при получении SecPortfolioId для MGNT: Акция  не найдена в таблице Stocks
2025-07-08 00:20:20.5615 INFO Подключение к данным по адресу: https://iss.moex.com/iss/emitters/651/securities.jsonp?iss.meta=off&iss.json=extended&callback=JSON_CALLBACK&lang=ru
2025-07-08 00:20:20.6190 INFO Подключение прошло успешно.
2025-07-08 00:20:20.6190 INFO Извлечение данных
2025-07-08 00:20:20.6190 INFO Данные получены
2025-07-08 00:20:20.6190 INFO Корректные данные для считывания
2025-07-08 00:20:20.6190 INFO Успешная десериализация данных
2025-07-08 00:20:20.7152 INFO Добавлено 25 биржевых облигаций и акций Роснефть из 28 других облигаций
2025-07-08 00:20:20.7352 INFO Подключение к данным по адресу: https://iss.moex.com/iss/emitters/10761/securities.jsonp?iss.meta=off&iss.json=extended&callback=JSON_CALLBACK&lang=ru
2025-07-08 00:20:20.7848 INFO Подключение прошло успешно.
2025-07-08 00:20:20.7848 INFO Извлечение данных
2025-07-08 00:20:20.7848 INFO Данные получены
2025-07-08 00:20:20.7848 INFO Корректные данные для считывания
2025-07-08 00:20:20.7848 INFO Успешная десериализация данных
2025-07-08 00:20:20.8075 ERROR Ошибка при получении SecPortfolioId для VKCO: Акция  не найдена в таблице Stocks
2025-07-08 00:20:20.8075 INFO Подключение к данным по адресу: https://iss.moex.com/iss/emitters/1242/securities.jsonp?iss.meta=off&iss.json=extended&callback=JSON_CALLBACK&lang=ru
2025-07-08 00:20:20.8514 INFO Подключение прошло успешно.
2025-07-08 00:20:20.8514 INFO Извлечение данных
2025-07-08 00:20:20.8514 INFO Данные получены
2025-07-08 00:20:20.8642 INFO Корректные данные для считывания
2025-07-08 00:20:20.8642 INFO Успешная десериализация данных
2025-07-08 00:20:20.8832 INFO Добавлено 2 биржевых облигаций и акций Аэрофлот из 4 других облигаций
2025-07-08 00:20:20.8832 INFO Подключение к данным по адресу: https://iss.moex.com/iss/emitters/6291/securities.jsonp?iss.meta=off&iss.json=extended&callback=JSON_CALLBACK&lang=ru
2025-07-08 00:20:20.9234 INFO Подключение прошло успешно.
2025-07-08 00:20:20.9234 INFO Извлечение данных
2025-07-08 00:20:20.9372 INFO Данные получены
2025-07-08 00:20:20.9372 INFO Корректные данные для считывания
2025-07-08 00:20:20.9372 INFO Успешная десериализация данных
2025-07-08 00:20:20.9527 ERROR Ошибка при получении SecPortfolioId для SPBE: Акция  не найдена в таблице Stocks
2025-07-08 00:20:20.9527 INFO Подключение к данным по адресу: https://iss.moex.com/iss/emitters/15750/securities.jsonp?iss.meta=off&iss.json=extended&callback=JSON_CALLBACK&lang=ru
2025-07-08 00:20:20.9873 INFO Подключение прошло успешно.
2025-07-08 00:20:20.9873 INFO Извлечение данных
2025-07-08 00:20:20.9873 INFO Данные получены
2025-07-08 00:20:20.9873 INFO Корректные данные для считывания
2025-07-08 00:20:20.9873 INFO Успешная десериализация данных
2025-07-08 00:20:21.0174 ERROR Ошибка при получении SecPortfolioId для OZPH: Акция  не найдена в таблице Stocks
2025-07-08 00:20:21.0194 INFO Подключение к данным по адресу: https://iss.moex.com/iss/emitters/1264/securities.jsonp?iss.meta=off&iss.json=extended&callback=JSON_CALLBACK&lang=ru
2025-07-08 00:20:21.0666 INFO Подключение прошло успешно.
2025-07-08 00:20:21.0666 INFO Извлечение данных
2025-07-08 00:20:21.0666 INFO Данные получены
2025-07-08 00:20:21.0666 INFO Корректные данные для считывания
2025-07-08 00:20:21.0666 INFO Успешная десериализация данных
2025-07-08 00:20:21.0874 ERROR Ошибка при получении SecPortfolioId для RNFT: Акция  не найдена в таблице Stocks
2025-07-08 00:20:21.0874 INFO Подключение к данным по адресу: https://iss.moex.com/iss/emitters/716/securities.jsonp?iss.meta=off&iss.json=extended&callback=JSON_CALLBACK&lang=ru
2025-07-08 00:20:21.1420 INFO Подключение прошло успешно.
2025-07-08 00:20:21.1420 INFO Извлечение данных
2025-07-08 00:20:21.1420 INFO Данные получены
2025-07-08 00:20:21.1446 INFO Корректные данные для считывания
2025-07-08 00:20:21.1446 INFO Успешная десериализация данных
2025-07-08 00:20:21.1446 INFO Добавлено 0 биржевых облигаций и акций Мечел ао из 3 других облигаций
2025-07-08 00:20:21.1446 INFO Подключение к данным по адресу: https://iss.moex.com/iss/emitters/4330/securities.jsonp?iss.meta=off&iss.json=extended&callback=JSON_CALLBACK&lang=ru
2025-07-08 00:20:21.1960 INFO Подключение прошло успешно.
2025-07-08 00:20:21.2260 INFO Извлечение данных
2025-07-08 00:20:21.2260 INFO Данные получены
2025-07-08 00:20:21.2260 INFO Корректные данные для считывания
2025-07-08 00:20:21.2260 INFO Успешная десериализация данных
2025-07-08 00:20:21.2441 ERROR Ошибка при получении SecPortfolioId для RAGR: Акция  не найдена в таблице Stocks
2025-07-08 00:20:21.2441 INFO Подключение к данным по адресу: https://iss.moex.com/iss/emitters/3455/securities.jsonp?iss.meta=off&iss.json=extended&callback=JSON_CALLBACK&lang=ru
2025-07-08 00:20:21.2913 INFO Подключение прошло успешно.
2025-07-08 00:20:21.2913 INFO Извлечение данных
2025-07-08 00:20:21.2913 INFO Данные получены
2025-07-08 00:20:21.2997 INFO Корректные данные для считывания
2025-07-08 00:20:21.2997 INFO Успешная десериализация данных
2025-07-08 00:20:21.2997 INFO Добавлено 0 биржевых облигаций и акций МосБиржа из 2 других облигаций
2025-07-08 00:20:21.2997 INFO Все данные успешно считаны. 483 биржевых облигаций и акций из 991 разных типов облигаций
2025-07-08 00:20:21.2997 INFO Запись в файл: C:\Users\Алексей\Desktop\Учеба\github\ExchangeParsing_DB\ExchangeParsing\ExchangeParsing\bin\Debug\MoscowExchange\Bonds\Bond_08.07.2025.csv
2025-07-08 00:20:21.3158 INFO Данные записаны.
2025-07-08 00:20:21.3158 INFO Добавление полученных данных в БД
2025-07-08 00:20:21.3158 INFO Подключение к БД прошло успешно
2025-07-08 00:20:23.8415 INFO Обработано облигаций: 424 (добавлено: 0, обновлено: 424)
2025-07-08 00:20:23.8415 INFO Выполнение процедуры пересчета позиций день-клиент-портфель
2025-07-08 00:20:23.8805 INFO Процедура выполнена
2025-07-08 00:20:23.8805 INFO Приложение завершило работу
